node : Error during sync: 
Operation `products.find()` 
buffering timed out after 
10000ms
At line:1 char:1
+ node -e "
+ ~~~~~~~~~
    + CategoryInfo           
   : NotSpecified: (Error d  
  uring sy...t after 10000   
 ms:String) [], RemoteExc    
eption
    + FullyQualifiedErrorId  
   : NativeCommandError
 
